bun test v1.3.14 (0d9b296a)
