Server running at http://localhost:3001
[202[2J[3J[H[2J[3J[H[2J[3J[H[2J[3J[H[2J[3J[HServer running at http://localhost:3001
[2J[3J[H[2J[3J[H[2J[3J[Hssion
[2026-07-29T11:52:56.233Z] GET /api/us[2J[3J[H[2J[3J[H[2J[3J[H[2J[3J[H[2J[3J[H[2J[3J[H[2J[3J[H[2J[3J[Hrver running at http://localhost:3001
[2J[3J[H[2J[3J[H[2J[3J[H[2J[3J[H[2J[3J[H[2J[3J[H[2J[3J[HServer running at http://localhost:3001
uth/sign-out
[2026-07-29T11:53:08.878Z] GET /api/auth/get-session
[2026-07-29T11:53:08.886Z] GET /api/auth/get-session
[2026-07-29T11:53:12.097Z] GET /api/auth/get-session
[2026-07-29T11:53:12.516Z] GET /api/auth/get-session
[2026-07-29T11:53:12.809Z] GET /api/auth/get-session
[2026-07-29T11:53:13.499Z] GET /api/auth/get-session
[2026-07-29T11:53:20.267Z] POST /api/auth/sign-in/email
[2026-07-29T11:53:20.598Z] GET /api/auth/get-session
[2026-07-29T11:53:25.278Z] GET /api/auth/get-session
[2026-07-29T11:53:25.317Z] GET /api/users
[2026-07-29T11:53:30.768Z] GET /api/auth/get-session
[2026-07-29T11:53:30.798Z] GET /api/users
[2026-07-29T11:53:31.985Z] GET /api/auth/get-session
[2026-07-29T11:53:32.009Z] GET /api/users
[2026-07-29T11:54:00.965Z] POST /api/auth/sign-out
[2026-07-29T11:54:01.066Z] GET /api/auth/get-session
[2026-07-29T11:54:01.074Z] GET /api/auth/get-session
[2026-07-29T11:54:03.154Z] GET /api/auth/get-session
[2026-07-29T11:54:14.790Z] POST /api/auth/sign-in/email
[2026-07-29T11:54:15.099Z] GET /api/auth/get-session
[2026-07-29T11:54:17.375Z] GET /api/auth/get-session
[2026-07-29T11:54:17.390Z] GET /api/users
[2026-07-29T11:54:25.244Z] GET /api/auth/get-session
[2026-07-29T11:54:28.245Z] POST /api/auth/sign-out
[2026-07-29T11:54:28.282Z] GET /api/auth/get-session
[2026-07-29T11:54:48.566Z] GET /api/auth/get-session
[2026-07-29T11:54:55.568Z] POST /api/auth/sign-in/email
[2026-07-29T11:54:55.843Z] GET /api/auth/get-session
[2026-07-29T11:54:59.686Z] GET /api/auth/get-session
[2026-07-29T11:54:59.712Z] GET /api/users
[2026-07-29T11:56:43.706Z] GET /api/auth/get-session
[2026-07-29T11:56:43.719Z] GET /api/users
[2026-07-29T11:56:47.323Z] GET /api/auth/get-session
[2026-07-29T11:56:47.351Z] GET /api/users
[2026-07-29T11:56:48.216Z] GET /api/auth/get-session
[2026-07-29T11:56:48.243Z] GET /api/users
[2026-07-29T11:56:48.348Z] GET /api/auth/get-session
[2026-07-29T11:56:48.366Z] GET /api/users
[2026-07-29T11:56:48.512Z] GET /api/auth/get-session
[2026-07-29T11:56:48.542Z] GET /api/users
[2026-07-29T11:56:48.758Z] GET /api/auth/get-session
[2026-07-29T11:56:48.784Z] GET /api/users
[2026-07-29T11:56:48.858Z] GET /api/auth/get-session
[2026-07-29T11:56:48.875Z] GET /api/users
[2026-07-29T11:56:49.053Z] GET /api/auth/get-session
[2026-07-29T11:56:49.074Z] GET /api/users
[2026-07-29T11:56:49.272Z] GET /api/auth/get-session
[2026-07-29T11:56:49.285Z] GET /api/users
[2026-07-29T11:56:55.711Z] GET /api/auth/get-session
[2026-07-29T11:57:44.296Z] GET /api/auth/get-session
[2026-07-29T11:57:47.283Z] POST /api/auth/sign-out
[2026-07-29T11:57:47.329Z] GET /api/auth/get-session
[2026-07-29T11:57:51.859Z] GET /api/auth/get-session
[2026-07-29T11:57:58.335Z] POST /api/auth/sign-in/email
[2026-07-29T11:57:58.630Z] GET /api/auth/get-session
[2026-07-29T11:58:01.062Z] GET /api/auth/get-session
[2026-07-29T11:58:01.080Z] GET /api/users
[2026-07-29T11:58:09.675Z] GET /api/auth/get-session
[2026-07-29T11:58:09.702Z] GET /api/users
[2026-07-29T11:58:31.051Z] GET /api/users
[2026-07-29T11:59:03.426Z] GET /api/auth/get-session
[2026-07-29T11:59:03.459Z] GET /api/users
[2026-07-29T12:00:44.625Z] POST /api/users
[2026-07-29T12:00:45.037Z] GET /api/users
[2026-07-29T12:09:39.948Z] GET /api/users
[2026-07-29T12:11:22.520Z] GET /api/auth/get-session
[2026-07-29T12:11:22.592Z] GET /api/users
[2026-07-29T12:11:48.553Z] GET /api/auth/get-session
[2026-07-29T12:11:48.665Z] GET /api/users
[2026-07-29T12:14:47.103Z] GET /api/users
[2026-07-29T12:18:09.368Z] GET /api/auth/get-session
[2026-07-29T12:18:09.463Z] GET /api/users
[2026-07-29T12:18:52.362Z] GET /api/auth/get-session
[2026-07-29T12:18:52.463Z] GET /api/users
[2026-07-29T12:21:02.137Z] GET /api/users
[2026-07-29T12:21:17.061Z] GET /api/users
[2026-07-29T12:22:51.455Z] GET /api/auth/get-session
[2026-07-29T12:22:51.539Z] GET /api/users
[2026-07-29T12:24:31.955Z] GET /api/auth/get-session
[2026-07-29T12:25:14.610Z] GET /api/auth/get-session
[2026-07-29T12:25:17.331Z] GET /api/auth/get-session
[2026-07-29T12:25:23.083Z] GET /api/auth/get-session
[2026-07-29T12:26:30.042Z] GET /api/auth/get-session
[2026-07-29T12:26:30.160Z] GET /api/users
[2026-07-29T12:27:21.953Z] GET /api/users
[2026-07-29T12:28:16.426Z] GET /api/auth/get-session
[2026-07-29T12:28:16.606Z] GET /api/users
[2026-07-29T12:29:48.027Z] GET /api/users
[2026-07-29T12:34:40.492Z] GET /api/auth/get-session
[2026-07-29T12:34:40.699Z] GET /api/users
[2026-07-29T12:34:48.227Z] GET /api/auth/get-session
[2026-07-29T12:34:48.257Z] GET /api/users
[2026-07-29T12:34:51.255Z] GET /api/auth/get-session
[2026-07-29T12:34:51.284Z] GET /api/users
[2026-07-29T12:34:52.444Z] GET /api/auth/get-session
[2026-07-29T12:34:52.460Z] GET /api/users
[2026-07-29T12:34:56.951Z] GET /api/auth/get-session
[2026-07-29T12:34:56.981Z] GET /api/users
[2026-07-29T12:38:38.645Z] GET /api/auth/get-session
[2026-07-29T12:38:38.734Z] GET /api/users
